[backblue.gif]
[fade.gif]
[index.html]
[home.volamthienha.com/wp-content/uploads/2017/01/phequang.png]
[www.google-analytics.com/analytics.js]
[volamthienha.com/js/facebook.js]
[volamthienha.com/index.html]
[connect.facebook.net/en_US/fbds.js]
[img.zing.vn/products/jx1/landing/tu-nghia-vi-minh/css-full/global.css]
[volamthienha.com/images/bg-v2.jpg]
[volamthienha.com/images/logo.png]
[volamthienha.com/images/cta-01-nor.png]
[volamthienha.com/images/cta-01-ovr.png]
[volamthienha.com/images/cta-02-nor.png]
[volamthienha.com/images/cta-02-ovr.png]
[volamthienha.com/images/cta-03-nor.png]
[volamthienha.com/images/cta-03-ovr.png]
[volamthienha.com/images/cta-04-nor.png]
[volamthienha.com/images/cta-04-ovr.png]
[volamthienha.com/styles.css]
[img.zing.vn/products/vendor/fancybox/fancybox_sprite.png]
[img.zing.vn/products/vendor/fancybox/fancybox_loading.gif]
[img.zing.vn/products/vendor/fancybox/blank.gif]
[img.zing.vn/products/vendor/fancybox/fancybox_overlay.png]
[img.zing.vn/products/vendor/fancybox/fancybox_sprite@2x.png]
[img.zing.vn/products/vendor/fancybox/fancybox_loading@2x.gif]
[img.zing.vn/products/vendor/fancybox/jquery.fancybox.css]
[img.zing.vn/products/vendor/jquery/jquery.min.js]
[img.zing.vn/products/jx1/landing/tu-nghia-vi-minh/js-full/common.js]
[img.zing.vn/products/vendor/fancybox/jquery.fancybox.js]
[img.zing.vn/products/vendor/fancybox/helpers/jquery.fancybox-media.js]
[connect.facebook.net/en_US/fbds.js]
[volamthienha.com/images/vng.html]
[volamthienha.com/images/kingsoft.html]
